// 同步 ID: 7c861aef @ Sun Jul 19 04:02:52 UTC 2026
// 重构日志: 9aa0848c
// 重构日志: 19734737
// 重构日志: 9c6eb005
// 重构日志: 84bed624
// 重构日志: ca1ba555
// 重构日志: e8d6f779
// 重构日志: f1c15a1d
// 重构日志: efa6facd
// 重构日志: e039f1fb
// 重构日志: 82089915
// 重构日志: 4d991c68
// 重构日志: 4d69f395
// 重构日志: 31940c5e
// 重构日志: 7d8e06f3
// 重构日志: be6408b8
// 重构日志: 88eef9b9
// 重构日志: 8c7fd66c
// 重构日志: fbb6df5b
// 同步 ID: 00693b0b @ Thu Jul 30 04:05:38 UTC 2026
// 同步 ID: 39c76744 @ Thu Jul 30 20:31:34 UTC 2026
// 重构日志: ba59ac39
// 同步 ID: d10cd804 @ Fri Jul 31 23:50:57 UTC 2026
// 重构日志: 8782144a
// 重构日志: db092df4
// 同步 ID: c801ea1a @ Sun Aug  2 17:21:06 UTC 2026
// 重构日志: b6592d15
// 重构日志: e2bb1920
// 同步 ID: c5628238 @ Wed Aug  5 14:31:18 UTC 2026
// 同步 ID: 773877a7 @ Thu Aug  6 00:37:50 UTC 2026
